exports['config should match snapshot'] = `
  Object {
    "port": 8080
  }
`;
